---
source: crates/aranya-policy-lang/src/lang/parse/tests.rs
expression: policy
---
{
  "version": "V2",
  "ffi_imports": [],
  "facts": [],
  "actions": [],
  "effects": [
    {
      "identifier": {
        "name": "Bar",
        "span": {
          "start": 36,
          "end": 39
        }
      },
      "items": [
        {
          "StructRef": {
            "name": "Foo",
            "span": {
              "start": 55,
              "end": 58
            }
          }
        },
        {
          "Field": {
            "identifier": {
              "name": "y",
              "span": {
                "start": 72,
                "end": 73
              }
            },
            "field_type": {
              "kind": "Int",
              "span": {
                "start": 74,
                "end": 77
              }
            },
            "dynamic": false
          }
        }
      ],
      "span": {
        "start": 29,
        "end": 87
      }
    }
  ],
  "structs": [
    {
      "identifier": {
        "name": "Foo",
        "span": {
          "start": 7,
          "end": 10
        }
      },
      "items": [
        {
          "Field": {
            "identifier": {
              "name": "x",
              "span": {
                "start": 13,
                "end": 14
              }
            },
            "field_type": {
              "kind": "Int",
              "span": {
                "start": 15,
                "end": 18
              }
            }
          }
        }
      ],
      "span": {
        "start": 0,
        "end": 20
      }
    }
  ],
  "enums": [],
  "commands": [],
  "functions": [],
  "finish_functions": [],
  "action_functions": [],
  "global_lets": [],
  "text": "struct Foo { x int }\n        effect Bar {\n            +Foo,\n            y int\n        }\n        "
}
