---
source: crates/aranya-policy-lang/src/lang/parse/tests.rs
assertion_line: 1259
expression: policy
---
{
  "version": "V2",
  "ffi_imports": [],
  "facts": [],
  "actions": [
    {
      "persistence": "Persistent",
      "identifier": {
        "name": "foo",
        "span": {
          "start": 74,
          "end": 77
        }
      },
      "arguments": [],
      "statements": [
        {
          "kind": {
            "Check": {
              "expression": {
                "kind": {
                  "Bool": false
                },
                "span": {
                  "start": 100,
                  "end": 105
                }
              },
              "err": null
            }
          },
          "span": {
            "start": 94,
            "end": 118
          }
        },
        {
          "kind": {
            "Check": {
              "expression": {
                "kind": {
                  "Bool": false
                },
                "span": {
                  "start": 124,
                  "end": 129
                }
              },
              "err": {
                "kind": {
                  "String": "failed"
                },
                "span": {
                  "start": 135,
                  "end": 143
                }
              }
            }
          },
          "span": {
            "start": 118,
            "end": 156
          }
        },
        {
          "kind": {
            "Check": {
              "expression": {
                "kind": {
                  "Bool": false
                },
                "span": {
                  "start": 162,
                  "end": 167
                }
              },
              "err": {
                "kind": {
                  "EnumReference": {
                    "identifier": {
                      "name": "Err",
                      "span": {
                        "start": 173,
                        "end": 176
                      }
                    },
                    "value": {
                      "name": "Invalid",
                      "span": {
                        "start": 178,
                        "end": 185
                      }
                    }
                  }
                },
                "span": {
                  "start": 173,
                  "end": 185
                }
              }
            }
          },
          "span": {
            "start": 156,
            "end": 194
          }
        }
      ],
      "span": {
        "start": 67,
        "end": 195
      }
    }
  ],
  "effects": [],
  "structs": [],
  "enums": [
    {
      "identifier": {
        "name": "Err",
        "span": {
          "start": 14,
          "end": 17
        }
      },
      "variants": [
        {
          "name": "Invalid",
          "span": {
            "start": 32,
            "end": 39
          }
        }
      ],
      "span": {
        "start": 9,
        "end": 49
      }
    }
  ],
  "commands": [],
  "functions": [],
  "finish_functions": [],
  "global_lets": [],
  "text": "\n        enum Err {\n            Invalid\n        }\n        \n        action foo() {\n            check false\n            check false else \"failed\"\n            check false else Err::Invalid\n        }\n        "
}
