---
source: crates/aranya-policy-lang/src/lang/parse/tests.rs
expression: policy
---
{
  "version": "V2",
  "ffi_imports": [],
  "facts": [],
  "actions": [],
  "effects": [],
  "structs": [],
  "enums": [
    {
      "identifier": {
        "name": "Color",
        "span": {
          "start": 5,
          "end": 10
        }
      },
      "variants": [
        {
          "name": "Red",
          "span": {
            "start": 25,
            "end": 28
          }
        },
        {
          "name": "Green",
          "span": {
            "start": 42,
            "end": 47
          }
        },
        {
          "name": "Blue",
          "span": {
            "start": 61,
            "end": 65
          }
        }
      ],
      "span": {
        "start": 0,
        "end": 76
      }
    }
  ],
  "commands": [],
  "functions": [],
  "finish_functions": [],
  "action_functions": [],
  "global_lets": [],
  "text": "enum Color {\n            Red,\n            Green,\n            Blue,\n        }"
}
