---
source: crates/aranya-policy-lang/src/lang/parse/tests.rs
expression: policy
---
{
  "version": "V2",
  "ffi_imports": [],
  "facts": [],
  "actions": [
    {
      "persistence": "Persistent",
      "identifier": {
        "name": "foo",
        "span": {
          "start": 81,
          "end": 84
        }
      },
      "arguments": [],
      "statements": [
        {
          "kind": {
            "Let": {
              "identifier": {
                "name": "a",
                "span": {
                  "start": 105,
                  "end": 106
                }
              },
              "expression": {
                "kind": {
                  "Add": [
                    {
                      "kind": {
                        "Identifier": {
                          "name": "x",
                          "span": {
                            "start": 109,
                            "end": 110
                          }
                        }
                      },
                      "span": {
                        "start": 109,
                        "end": 110
                      }
                    },
                    {
                      "kind": {
                        "Int": 1
                      },
                      "span": {
                        "start": 113,
                        "end": 114
                      }
                    }
                  ]
                },
                "span": {
                  "start": 109,
                  "end": 114
                }
              }
            }
          },
          "span": {
            "start": 101,
            "end": 127
          }
        },
        {
          "kind": {
            "Let": {
              "identifier": {
                "name": "b",
                "span": {
                  "start": 131,
                  "end": 132
                }
              },
              "expression": {
                "kind": {
                  "Add": [
                    {
                      "kind": {
                        "Identifier": {
                          "name": "y",
                          "span": {
                            "start": 135,
                            "end": 136
                          }
                        }
                      },
                      "span": {
                        "start": 135,
                        "end": 136
                      }
                    },
                    {
                      "kind": {
                        "String": " world"
                      },
                      "span": {
                        "start": 139,
                        "end": 147
                      }
                    }
                  ]
                },
                "span": {
                  "start": 135,
                  "end": 147
                }
              }
            }
          },
          "span": {
            "start": 127,
            "end": 160
          }
        },
        {
          "kind": {
            "Let": {
              "identifier": {
                "name": "c",
                "span": {
                  "start": 164,
                  "end": 165
                }
              },
              "expression": {
                "kind": {
                  "Not": {
                    "kind": {
                      "Identifier": {
                        "name": "z",
                        "span": {
                          "start": 169,
                          "end": 170
                        }
                      }
                    },
                    "span": {
                      "start": 169,
                      "end": 170
                    }
                  }
                },
                "span": {
                  "start": 168,
                  "end": 170
                }
              }
            }
          },
          "span": {
            "start": 160,
            "end": 183
          }
        },
        {
          "kind": {
            "Emit": {
              "kind": {
                "NamedStruct": {
                  "identifier": {
                    "name": "Bar",
                    "span": {
                      "start": 188,
                      "end": 191
                    }
                  },
                  "fields": [
                    [
                      {
                        "name": "a",
                        "span": {
                          "start": 210,
                          "end": 211
                        }
                      },
                      {
                        "kind": {
                          "Identifier": {
                            "name": "a",
                            "span": {
                              "start": 213,
                              "end": 214
                            }
                          }
                        },
                        "span": {
                          "start": 213,
                          "end": 214
                        }
                      }
                    ],
                    [
                      {
                        "name": "b",
                        "span": {
                          "start": 232,
                          "end": 233
                        }
                      },
                      {
                        "kind": {
                          "Identifier": {
                            "name": "b",
                            "span": {
                              "start": 235,
                              "end": 236
                            }
                          }
                        },
                        "span": {
                          "start": 235,
                          "end": 236
                        }
                      }
                    ],
                    [
                      {
                        "name": "c",
                        "span": {
                          "start": 254,
                          "end": 255
                        }
                      },
                      {
                        "kind": {
                          "Identifier": {
                            "name": "c",
                            "span": {
                              "start": 257,
                              "end": 258
                            }
                          }
                        },
                        "span": {
                          "start": 257,
                          "end": 258
                        }
                      }
                    ]
                  ],
                  "sources": []
                }
              },
              "span": {
                "start": 188,
                "end": 273
              }
            }
          },
          "span": {
            "start": 183,
            "end": 282
          }
        }
      ],
      "span": {
        "start": 74,
        "end": 283
      }
    }
  ],
  "effects": [],
  "structs": [],
  "enums": [],
  "commands": [],
  "functions": [],
  "finish_functions": [],
  "global_lets": [
    {
      "identifier": {
        "name": "x",
        "span": {
          "start": 13,
          "end": 14
        }
      },
      "expression": {
        "kind": {
          "Int": 42
        },
        "span": {
          "start": 17,
          "end": 19
        }
      },
      "span": {
        "start": 9,
        "end": 28
      }
    },
    {
      "identifier": {
        "name": "y",
        "span": {
          "start": 32,
          "end": 33
        }
      },
      "expression": {
        "kind": {
          "String": "hello"
        },
        "span": {
          "start": 36,
          "end": 43
        }
      },
      "span": {
        "start": 28,
        "end": 52
      }
    },
    {
      "identifier": {
        "name": "z",
        "span": {
          "start": 56,
          "end": 57
        }
      },
      "expression": {
        "kind": {
          "Bool": true
        },
        "span": {
          "start": 60,
          "end": 64
        }
      },
      "span": {
        "start": 52,
        "end": 74
      }
    }
  ],
  "text": "\n        let x = 42\n        let y = \"hello\"\n        let z = true\n\n        action foo() {\n            let a = x + 1\n            let b = y + \" world\"\n            let c = !z\n            emit Bar {\n                a: a,\n                b: b,\n                c: c,\n            }\n        }\n    "
}
