---
source: crates/aranya-policy-lang/src/lang/parse/tests.rs
expression: policy
---
{
  "version": "V2",
  "ffi_imports": [],
  "facts": [],
  "actions": [],
  "effects": [],
  "structs": [],
  "enums": [],
  "commands": [
    {
      "persistence": "Persistent",
      "attributes": [],
      "identifier": {
        "name": "Foo",
        "span": {
          "start": 8,
          "end": 11
        }
      },
      "fields": [],
      "seal": [
        {
          "kind": {
            "Return": {
              "expression": {
                "kind": {
                  "FunctionCall": {
                    "identifier": {
                      "name": "bar",
                      "span": {
                        "start": 56,
                        "end": 59
                      }
                    },
                    "arguments": [
                      {
                        "kind": {
                          "Identifier": {
                            "name": "this",
                            "span": {
                              "start": 60,
                              "end": 64
                            }
                          }
                        },
                        "span": {
                          "start": 60,
                          "end": 64
                        }
                      }
                    ]
                  }
                },
                "span": {
                  "start": 56,
                  "end": 65
                }
              }
            }
          },
          "span": {
            "start": 49,
            "end": 78
          }
        }
      ],
      "open": [
        {
          "kind": {
            "Return": {
              "expression": {
                "kind": {
                  "FunctionCall": {
                    "identifier": {
                      "name": "baz",
                      "span": {
                        "start": 123,
                        "end": 126
                      }
                    },
                    "arguments": [
                      {
                        "kind": {
                          "Identifier": {
                            "name": "envelope",
                            "span": {
                              "start": 127,
                              "end": 135
                            }
                          }
                        },
                        "span": {
                          "start": 127,
                          "end": 135
                        }
                      }
                    ]
                  }
                },
                "span": {
                  "start": 123,
                  "end": 136
                }
              }
            }
          },
          "span": {
            "start": 116,
            "end": 149
          }
        }
      ],
      "policy": [],
      "recalls": [],
      "span": {
        "start": 0,
        "end": 160
      }
    }
  ],
  "functions": [],
  "finish_functions": [],
  "global_lets": [],
  "text": "command Foo {\n            seal {\n                return bar(this)\n            }\n\n            open {\n                return baz(envelope)\n            }\n        }"
}
